---
source: src/tests/utils.rs
expression: self.render()
---
 calendar   FOUR WEEKS  1 Jun 2026 – 28 Jun 2026

       MON             TUE             WED             THU             FRI             SAT             SUN
┌●▶ 1 Jun──────┐┌   2 Jun──────┐┌   3 Jun──────┐┌   4 Jun──────┐┌   5 Jun──────┐┌   6 Jun──────┐┌   7 Jun──────┐
│              ││              ││              ││              ││              ││              ││              │
│              ││              ││              ││              ││              ││              ││              │
│              ││              ││              ││              ││              ││              ││              │
│              ││              ││              ││              ││              ││              ││              │
│              ││              ││              ││              ││              ││              ││              │
│              ││              ││              ││              ││              ││              ││              │
└──────────────┘└─┌ Add appointment · exact start + end ─────────────────────────────────────┐─┘└──────────────┘
┌   8 Jun──────┐┌ │ ┌Description───────────────────────────────────────────────────────────┐ │─┐┌   14 Jun─────┐
│              ││ │ │Train journey                                                         │ │ ││              │
│              ││ │ └──────────────────────────────────────────────────────────────────────┘ │ ││              │
│              ││ │ ┌Start · date + time, e.g. jun 7 13:00─────────────────────────────────┐ │ ││              │
│              ││ │ │jun 8 22:30                                                           │ │ ││              │
│              ││ │ └──────────────────────────────────────────────────────────────────────┘ │ ││              │
│              ││ │ ┌End · date + time, e.g. jun 7 14:30───────────────────────────────────┐ │ ││              │
└──────────────┘└─│ │jun 9 06:15                                                           │ │─┘└──────────────┘
┌   15 Jun─────┐┌ │ └──────────────────────────────────────────────────────────────────────┘ │─┐┌   21 Jun─────┐
│              ││ │                                                                          │ ││              │
│              ││ │ C-t mode · Tab/BackTab fields · C-u clear · Enter save · Esc back        │ ││              │
│              ││ │                                                                          │ ││              │
│              ││ │                                                                          │ ││              │
│              ││ └──────────────────────────────────────────────────────────────────────────┘ ││              │
│              ││              ││              ││              ││              ││              ││              │
└──────────────┘└──────────────┘└──────────────┘└──────────────┘└──────────────┘└──────────────┘└──────────────┘
┌   22 Jun─────┐┌   23 Jun─────┐┌   24 Jun─────┐┌   25 Jun─────┐┌   26 Jun─────┐┌   27 Jun─────┐┌   28 Jun─────┐
│              ││              ││              ││              ││              ││              ││              │
│              ││              ││              ││              ││              ││              ││              │
│              ││              ││              ││              ││              ││              ││              │
│              ││              ││              ││              ││              ││              ││              │
│              ││              ││              ││              ││              ││              ││              │
│              ││              ││              ││              ││              ││              ││              │
└──────────────┘└──────────────┘└──────────────┘└──────────────┘└──────────────┘└──────────────┘└──────────────┘
 n  add   Enter  agenda   v m  4-week   v w  week   ?  keys   Esc  back/quit    2026-06-01 · 0 event(s)
