---
source: src/tests/utils.rs
expression: self.render()
---
 agenda   18 May 2026 – 15 Jun 2026  ·  centered on Monday 1 June

┌ 0 appointment(s) ─────────────────────────────────────────────┐┌ details ────────────────────────────────────┐
│No appointments within 14 days of 1 Jun 2026                   ││Select an appointment to see its details     │
│                                                               ││                                             │
│                                                               ││                                             │
│                                                               ││                                             │
│                                                               ││                                             │
│                                                               ││                                             │
│                                                               ││                                             │
│                                                               ││                                             │
│                                                               ││                                             │
│                                                               ││                                             │
│                                                               ││                                             │
│                                                               ││                                             │
│                                                               ││                                             │
│                                                               ││                                             │
│                                                               ││                                             │
│                                                               ││                                             │
│                                                               ││                                             │
│                                                               ││                                             │
│                                                               ││                                             │
│                                                               ││                                             │
│                                                               ││                                             │
│                                                               ││                                             │
│                                                               ││                                             │
│                                                               ││                                             │
│                                                               ││                                             │
│                                                               ││                                             │
│                                                               ││                                             │
│                                                               ││                                             │
│                                                               ││                                             │
│                                                               ││                                             │
└───────────────────────────────────────────────────────────────┘└─────────────────────────────────────────────┘
 j/k  appointments   n  new   e  edit   x  delete   v m  views   q  back
Deleted Disposable
