---
source: src/tests/utils.rs
expression: self.render()
---
 calendar   FOUR WEEKS  1 Jun 2026 – 28 Jun 2026
      ┌ All hotkeys ─────────────────────────────────────────────────────────────────────────────────────┐
      │ NORMAL                                          AGENDA                                           │
┌●▶ 1 │           ?   Show all hotkeys                         Down   Next appointment                   │─────┐
│     │        Down   Next week                               Enter   Edit appointment                   │     │
│     │       Enter   Open agenda                               Esc   Close agenda                       │     │
│     │         Esc   Back to default view / quit                Up   Previous appointment               │     │
│     │           H   Previous period                             a   Previous appointment               │     │
│     │           L   Next period                                 d   Next appointment                   │     │
│     │        Left   Previous day                                e   Edit appointment                   │     │
└─────│       Right   Next day                                    j   Next appointment                   │─────┘
┌   8 │          Up   Previous week                               k   Previous appointment               │─────┐
│     │           a   Previous day                                n   Add event                          │     │
│     │           d   Next day                                    q   Close agenda                       │     │
│     │         g t   Go to today                                 s   Next appointment                   │     │
│     │           h   Previous day                              v a   Agenda view                        │     │
│     │           j   Next week                                 v m   Four-week view                     │     │
│     │           k   Previous week                             v w   Week view                          │     │
└─────│           l   Next day                                    w   Previous appointment               │─────┘
┌   15│           n   Add event                                   x   Delete appointment                 │─────┐
│     │           q   Back to default view / quit                                                        │     │
│     │           r   Reload calendars                  DELETE CONFIRMATION                              │     │
│     │           s   Next week                               Enter   Confirm deletion                   │     │
│     │         v a   Open agenda                               Esc   Cancel deletion                    │     │
│     │         v m   Four-week view                              q   Cancel deletion                    │     │
│     │         v w   Week view                                                                          │     │
└─────│           w   Previous week                     ADD / EDIT APPOINTMENT                           │─────┘
┌   22│                                                     BackTab   Previous field                     │─────┐
│     │                                                         C-t   Toggle duration/exact-end mode     │     │
│     │                                                         C-u   Clear field                        │     │
│     │                                                       Enter   Save event                         │     │
│     │                                                         Esc   Cancel                             │     │
│     │                                                         Tab   Next field                         │     │
│     │                                      Press any key to close                                      │     │
└─────└──────────────────────────────────────────────────────────────────────────────────────────────────┘─────┘
 n  add   Enter  agenda   v m  4-week   v w  week   ?  keys   Esc  back/quit    2026-06-01 · 0 event(s)
